// Jest Snapshot v1, https://goo.gl/fbAQLP

exports[`AuthLayoutStyled working 1`] = `
<div
  className="sc-bdvvtL dbwtDt"
>
  Bolt
</div>
`;
