// Jest Snapshot v1, https://goo.gl/fbAQLP

exports[`ButtonStyled working 1`] = `
<label
  className="sc-bdvvtL jeIhyN"
/>
`;
